
> maxima@0.1.0 build
> next build

Γû▓ Next.js 16.1.6 (Turbopack)

  Creating an optimized production build ...
npm : Error: Cannot 
apply unknown utility 
class `border-border`. 
Are you using CSS 
modules or similar and 
missing `@reference`? h
ttps://tailwindcss.com/
docs/functions-and-dire
ctives#reference-direct
ive
At line:1 char:1
+ npm run build > 
build_output.txt 2>&1
+ ~~~~~~~~~~~~~~~~~~~~~
~~~~~~~~~~~~~~~~
    + CategoryInfo     
         : NotSpecifi  
  ed: (Error: Cannot   
  a...rence-directi    
ve:String) [], Rem    
oteException
    + FullyQualifiedEr 
   rorId : NativeComm  
  andError
 
    [2m[at 
onInvalidCandidate (C:\
Users\Aniket\OneDrive\D
esktop\NM\node_modules\
tailwindcss\dist\lib.js
:21:1314)][0m
    [2m[at Ee (C:\User
s\Aniket\OneDrive\Deskt
op\NM\node_modules\tail
windcss\dist\lib.js:16:
37066)][0m
    [2m[at C:\Users\An
iket\OneDrive\Desktop\N
M\node_modules\tailwind
css\dist\lib.js:21:355]
[0m
    [2m[at Pr (C:\User
s\Aniket\OneDrive\Deskt
op\NM\node_modules\tail
windcss\dist\lib.js:3:1
733)][0m
    [2m[at _ (C:\Users
\Aniket\OneDrive\Deskto
p\NM\node_modules\tailw
indcss\dist\lib.js:3:13
77)][0m
    [2m[at Te (C:\User
s\Aniket\OneDrive\Deskt
op\NM\node_modules\tail
windcss\dist\lib.js:21:
172)][0m
    [2m[at pn (C:\User
s\Aniket\OneDrive\Deskt
op\NM\node_modules\tail
windcss\dist\lib.js:38:
294)][0m
    [2m[at process.pro
cessTicksAndRejections 
(node:internal/process/
task_queues:95:5)][0m
    [2m[at async dn (C
:\Users\Aniket\OneDrive
\Desktop\NM\node_module
s\tailwindcss\dist\lib.
js:38:631)][0m
    [2m[at async Xr (C
:\Users\Aniket\OneDrive
\Desktop\NM\node_module
s\@tailwindcss\node\dis
t\index.js:10:3417)][0
m

> Build error occurred
Error: Turbopack build 
failed with 1 errors:
./app/globals.css
Error evaluating 
Node.js code
CssSyntaxError: 
tailwindcss: C:\Users\A
niket\OneDrive\Desktop\
NM\app\globals.css:1:1:
 Cannot apply unknown 
utility class 
`border-border`. Are 
you using CSS modules 
or similar and missing 
`@reference`? https://t
ailwindcss.com/docs/fun
ctions-and-directives#r
eference-directive
    at Input.error (nod
e_modules/postcss/lib/i
nput.js:135:16) [C:\Use
rs\Aniket\OneDrive\Desk
top\NM\.next\build\chun
ks\node_modules_fe693df
6._.js:4651:22]
    at Root.error (node
_modules/postcss/lib/no
de.js:146:32) [C:\Users
\Aniket\OneDrive\Deskto
p\NM\.next\build\chunks
\node_modules_fe693df6.
_.js:928:38]
    [at Object.Once (C:
\Users\Aniket\OneDrive\
Desktop\NM\node_modules
\@tailwindcss\postcss\d
ist\index.js:10:6913)]
    [at process.process
TicksAndRejections (nod
e:internal/process/task
_queues:95:5)]
    at async 
LazyResult.runAsync (no
de_modules/postcss/lib/
lazy-result.js:293:11) 
[C:\Users\Aniket\OneDri
ve\Desktop\NM\.next\bui
ld\chunks\node_modules_
fe693df6._.js:6214:21]
    at async transform 
(turbopack:///[turbopac
k-node]/transforms/post
css.ts:70:34) [C:\Users
\Aniket\OneDrive\Deskto
p\NM\.next\build\chunks
\[root-of-the-server]__
51225daf._.js:146:36]
    at async run (turbo
pack:///[turbopack-node
]/ipc/evaluate.ts:92:23
) [C:\Users\Aniket\OneD
rive\Desktop\NM\.next\b
uild\chunks\[root-of-th
e-server]__974941ed._.j
s:443:31]

Import trace:
  Client Component 
Browser:
    ./app/globals.css 
[Client Component 
Browser]
    ./app/layout.tsx 
[Server Component]


    at async transform 
(turbopack:///[turbopac
k-node]/transforms/post
css.ts:70:34) [C:\Users
\Aniket\OneDrive\Deskto
p\NM\.next\build\chunks
\[root-of-the-server]__
51225daf._.js:146:36])
    at async run (turbo
pack:///[turbopack-node
]/ipc/evaluate.ts:92:23
) [C:\Users\Aniket\OneD
rive\Desktop\NM\.next\b
uild\chunks\[root-of-th
e-server]__974941ed._.j
s:443:31])
